../Core/Src/main.c:79:16:platform_write	48	static
../Core/Src/main.c:85:16:platform_read	48	static
../Core/Src/main.c:92:5:_write	24	static
../Core/Src/main.c:103:5:main	120	static
../Core/Src/main.c:190:6:SystemClock_Config	96	static
../Core/Src/main.c:232:13:MX_I2C1_Init	8	static
../Core/Src/main.c:277:13:MX_USART2_UART_Init	8	static
../Core/Src/main.c:310:13:MX_GPIO_Init	56	static
../Core/Src/main.c:362:6:StartDefaultTask	16	static
../Core/Src/main.c:379:6:StartVisualTask	32	static
../Core/Src/main.c:410:6:StartAcceleroTask	40	static
../Core/Src/main.c:453:6:Error_Handler	8	static,ignoring_inline_asm
